projects/amazon-trend-analyzer/qb_chunks/page_335_skip335000.csv
ASIN Buyability Flag,asin_status,CVR%,revenue,asp,units,gv,Images #,Videos #,Has A+ Content,Buybox Winner,Average Rating,Number of Ratings,bb_price,Ad CTR%,Ad CVR%,bsr,brand,Ad CPC$,ASIN (Description),Update Type,Sold By Amazon,Has Coupon?,Has Store Link?,In Stock Today?,category,Sellable On Hand Units,asin,date,Ad Cost,Ad Sales,Ad Clicks,Ad Impressions,Ad Conversions
In Stock,ACTIVE,,,,,,6.0,0.0,True,,3.9,44.0,9.5,0.002228163992869875,0.0,6.0,Clorox,1.988,B09XN6JGWC (Clorox Fraganzia - Refresher Spray - 22oz - Hawaiian Escape),[],True,False,False,True,Laundry,,B09XN6JGWC,2025-06-21,9.94,0.0,5.0,2244.0,0.0
In Stock,ACTIVE,,,,,,6.0,0.0,True,,3.9,44.0,9.5,0.002285191956124314,0.2,6.0,Clorox,2.004,B09XN6JGWC (Clorox Fraganzia - Refresher Spray - 22oz - Hawaiian Escape),[],True,False,False,True,Laundry,,B09XN6JGWC,2025-06-20,10.02,25.78,5.0,2188.0,1.0
In Stock,ACTIVE,,,,,,6.0,0.0,True,,3.9,44.0,9.47,0.003875968992248062,0.125,7.0,Clorox,2.33375,B09XN6JGWC (Clorox Fraganzia - Refresher Spray - 22oz - Hawaiian Escape),[],True,False,False,True,Laundry,,B09XN6JGWC,2025-06-19,18.67,12.98,8.0,2064.0,1.0
In Stock,ACTIVE,,,,,,6.0,0.0,True,,3.9,44.0,9.47,0.002639296187683284,0.0,5.0,Clorox,1.977777777777778,B09XN6JGWC (Clorox Fraganzia - Refresher Spray - 22oz - Hawaiian Escape),[],True,False,False,True,Laundry,,B09XN6JGWC,2025-06-18,17.8,0.0,9.0,3410.0,0.0
In Stock,ACTIVE,,,,,,6.0,0.0,True,,3.9,44.0,9.49,0.001809954751131222,0.0,6.0,Clorox,1.97,B09XN6JGWC (Clorox Fraganzia - Refresher Spray - 22oz - Hawaiian Escape),[],True,False,False,True,Laundry,,B09XN6JGWC,2025-06-17,3.94,0.0,2.0,1105.0,0.0
In Stock,ACTIVE,,,,,,6.0,0.0,True,,3.9,44.0,9.49,0.0008419870895312938,1.0,6.0,Clorox,2.106666666666667,B09XN6JGWC (Clorox Fraganzia - Refresher Spray - 22oz - Hawaiian Escape),[],True,False,False,True,Laundry,,B09XN6JGWC,2025-06-16,6.32,38.38,3.0,3563.0,3.0
In Stock,ACTIVE,,,,,,6.0,0.0,True,,3.9,44.0,9.34,0.00305980528511822,0.2727272727272727,6.0,Clorox,1.954545454545455,B09XN6JGWC (Clorox Fraganzia - Refresher Spray - 22oz - Hawaiian Escape),[],True,False,False,True,Laundry,,B09XN6JGWC,2025-06-15,21.5,28.32,11.0,3595.0,3.0
In Stock,ACTIVE,,,,,,6.0,0.0,True,,3.9,44.0,9.24,0.002973776696404434,0.09090909090909091,6.0,Clorox,1.608181818181818,B09XN6JGWC (Clorox Fraganzia - Refresher Spray - 22oz - Hawaiian Escape),[],True,False,False,True,Laundry,,B09XN6JGWC,2025-06-14,17.69,9.49,11.0,3699.0,1.0
In Stock,ACTIVE,,,,,,6.0,0.0,True,,3.9,44.0,9.24,0.002691065662002153,0.1,6.0,Clorox,1.839,B09XN6JGWC (Clorox Fraganzia - Refresher Spray - 22oz - Hawaiian Escape),[],True,False,False,True,Laundry,,B09XN6JGWC,2025-06-13,18.39,9.24,10.0,3716.0,1.0
In Stock,ACTIVE,,,,,,6.0,0.0,True,,3.9,44.0,9.19,0.002744739249771272,0.0,6.0,Clorox,2.047777777777778,B09XN6JGWC (Clorox Fraganzia - Refresher Spray - 22oz - Hawaiian Escape),[],True,False,False,True,Laundry,,B09XN6JGWC,2025-06-12,18.43,0.0,9.0,3279.0,0.0
In Stock,ACTIVE,,,,,,6.0,0.0,True,,3.8,43.0,9.18,0.00141282848262221,0.2,6.0,Clorox,1.712,B09XN6JGWC (Clorox Fraganzia - Refresher Spray - 22oz - Hawaiian Escape),[],True,False,False,True,Laundry,,B09XN6JGWC,2025-06-11,8.56,30.08,5.0,3539.0,1.0
In Stock,ACTIVE,,,,,,6.0,0.0,True,,3.8,43.0,9.19,0.001539645881447267,0.0,5.0,Clorox,1.96,B09XN6JGWC (Clorox Fraganzia - Refresher Spray - 22oz - Hawaiian Escape),[],True,False,False,True,Laundry,,B09XN6JGWC,2025-06-10,7.84,0.0,4.0,2598.0,0.0
In Stock,ACTIVE,,,,,,6.0,0.0,True,,3.9,44.0,9.19,0.00301659125188537,0.0,6.0,Clorox,1.909,B09XN6JGWC (Clorox Fraganzia - Refresher Spray - 22oz - Hawaiian Escape),[],True,False,False,True,Laundry,,B09XN6JGWC,2025-06-09,19.09,0.0,10.0,3315.0,0.0
In Stock,ACTIVE,,,,,,6.0,0.0,True,,3.9,44.0,8.93,0.002215189873417722,0.1428571428571428,6.0,Clorox,1.887142857142857,B09XN6JGWC (Clorox Fraganzia - Refresher Spray - 22oz - Hawaiian Escape),[],True,False,False,True,Laundry,,B09XN6JGWC,2025-06-08,13.21,6.77,7.0,3160.0,1.0
In Stock,ACTIVE,,,,,,6.0,0.0,True,,3.9,44.0,8.94,0.002763385146804836,0.0,6.0,Clorox,2.0825,B09XN6JGWC (Clorox Fraganzia - Refresher Spray - 22oz - Hawaiian Escape),[],True,False,False,True,Laundry,,B09XN6JGWC,2025-06-07,16.66,0.0,8.0,2895.0,0.0
In Stock,ACTIVE,,,,,,6.0,0.0,True,,3.9,44.0,8.74,0.004150702426564496,0.07692307692307693,5.0,Clorox,2.078461538461538,B09XN6JGWC (Clorox Fraganzia - Refresher Spray - 22oz - Hawaiian Escape),[],True,False,False,True,Laundry,,B09XN6JGWC,2025-06-06,27.02,8.94,13.0,3132.0,1.0
In Stock,ACTIVE,,,,,,6.0,0.0,True,,3.9,44.0,8.71,0.004950495049504951,0.1176470588235294,6.0,Clorox,1.981764705882353,B09XN6JGWC (Clorox Fraganzia - Refresher Spray - 22oz - Hawaiian Escape),[],True,False,False,True,Laundry,,B09XN6JGWC,2025-06-05,33.69,21.87,17.0,3434.0,2.0
In Stock,ACTIVE,,,,,,6.0,0.0,True,,3.9,44.0,8.72,0.001973943939992104,0.3,5.0,Clorox,1.915,B09XN6JGWC (Clorox Fraganzia - Refresher Spray - 22oz - Hawaiian Escape),[],True,False,False,True,Laundry,,B09XN6JGWC,2025-06-04,19.15,30.46,10.0,5066.0,3.0
In Stock,ACTIVE,,17.0,8.72,2.0,,6.0,0.0,True,,3.9,44.0,8.4,0.001503759398496241,0.6,5.0,Clorox,2.196,B09XN6JGWC (Clorox Fraganzia - Refresher Spray - 22oz - Hawaiian Escape),[],True,False,False,True,Laundry,40.0,B09XN6JGWC,2025-06-03,10.98,24.43,5.0,3325.0,3.0
In Stock,ACTIVE,0.0,0.0,,0.0,13.0,6.0,0.0,True,,3.9,44.0,8.4,0.00210589651022864,0.2857142857142857,6.0,Clorox,1.822857142857143,B09XN6JGWC (Clorox Fraganzia - Refresher Spray - 22oz - Hawaiian Escape),[],True,False,False,True,Laundry,41.0,B09XN6JGWC,2025-06-02,12.76,15.38,7.0,3324.0,2.0
In Stock,ACTIVE,0.158,25.0,8.4,3.0,19.0,6.0,0.0,True,,3.9,44.0,8.41,0.005914243469689502,0.08333333333333333,6.0,Clorox,2.145833333333333,B09XN6JGWC (Clorox Fraganzia - Refresher Spray - 22oz - Hawaiian Escape),[],True,False,False,True,Laundry,42.0,B09XN6JGWC,2025-06-01,25.75,11.99,12.0,2029.0,1.0
In Stock,ACTIVE,0.167,25.0,8.41,3.0,18.0,6.0,0.0,True,,3.9,44.0,8.4,0.005751533742331288,0.1333333333333333,5.0,Clorox,1.945333333333333,B09XN6JGWC (Clorox Fraganzia - Refresher Spray - 22oz - Hawaiian Escape),[],True,False,False,True,Laundry,44.0,B09XN6JGWC,2025-05-31,29.18,20.5,15.0,2608.0,2.0
In Stock,ACTIVE,0.0,0.0,,0.0,10.0,6.0,0.0,True,,3.9,44.0,8.4,0.001886792452830189,0.0,6.0,Clorox,2.0,B09XN6JGWC (Clorox Fraganzia - Refresher Spray - 22oz - Hawaiian Escape),[],True,False,False,True,Laundry,46.0,B09XN6JGWC,2025-05-30,10.0,0.0,5.0,2650.0,0.0
In Stock,ACTIVE,0.067,8.0,8.4,1.0,15.0,6.0,0.0,True,,3.9,44.0,8.65,0.001444251877527441,0.2,6.0,Clorox,1.592,B09XN6JGWC (Clorox Fraganzia - Refresher Spray - 22oz - Hawaiian Escape),[],True,False,False,True,Laundry,47.0,B09XN6JGWC,2025-05-29,7.96,18.08,5.0,3462.0,1.0
In Stock,ACTIVE,0.091,9.0,8.65,1.0,11.0,6.0,0.0,True,,3.9,44.0,8.65,0.001692047377326565,0.4285714285714285,5.0,Clorox,1.627142857142857,B09XN6JGWC (Clorox Fraganzia - Refresher Spray - 22oz - Hawaiian Escape),[],True,False,False,True,Laundry,50.0,B09XN6JGWC,2025-05-28,11.39,22.23,7.0,4137.0,3.0
In Stock,ACTIVE,0.048,9.0,8.65,1.0,21.0,6.0,0.0,True,,3.9,44.0,8.66,0.004814814814814815,0.07692307692307693,5.0,Clorox,2.013846153846154,B09XN6JGWC (Clorox Fraganzia - Refresher Spray - 22oz - Hawaiian Escape),[],True,False,False,True,Laundry,49.0,B09XN6JGWC,2025-05-27,26.18,12.98,13.0,2700.0,1.0
In Stock,ACTIVE,0.222,35.0,8.66,4.0,18.0,6.0,0.0,True,,3.9,44.0,8.66,0.001693193362682018,0.0,5.0,Clorox,2.07,B09XN6JGWC (Clorox Fraganzia - Refresher Spray - 22oz - Hawaiian Escape),[],True,False,False,True,Laundry,53.0,B09XN6JGWC,2025-05-26,10.35,0.0,5.0,2953.0,0.0
In Stock,ACTIVE,0.167,35.0,8.66,4.0,24.0,6.0,0.0,True,,3.9,44.0,8.72,0.004018754186202277,0.25,5.0,Clorox,1.695833333333334,B09XN6JGWC (Clorox Fraganzia - Refresher Spray - 22oz - Hawaiian Escape),[],True,False,False,True,Laundry,65.0,B09XN6JGWC,2025-05-25,20.35,23.52,12.0,2986.0,3.0
In Stock,ACTIVE,0.455,42.0,8.36,5.0,11.0,6.0,0.0,True,,3.9,44.0,8.72,0.002392344497607655,0.125,5.0,Clorox,1.86375,B09XN6JGWC (Clorox Fraganzia - Refresher Spray - 22oz - Hawaiian Escape),[],True,False,False,True,Laundry,68.0,B09XN6JGWC,2025-05-24,14.91,8.72,8.0,3344.0,1.0
In Stock,ACTIVE,0.083,7.0,6.92,1.0,12.0,6.0,0.0,True,,3.9,44.0,6.92,0.002692307692307692,0.2857142857142857,5.0,Clorox,1.537142857142857,B09XN6JGWC (Clorox Fraganzia - Refresher Spray - 22oz - Hawaiian Escape),[],True,False,False,True,Laundry,72.0,B09XN6JGWC,2025-05-23,10.76,16.15,7.0,2600.0,2.0
In Stock,ACTIVE,0.15,21.0,6.92,3.0,20.0,6.0,0.0,True,,3.9,44.0,6.92,0.004016064257028112,0.25,5.0,Clorox,1.974166666666667,B09XN6JGWC (Clorox Fraganzia - Refresher Spray - 22oz - Hawaiian Escape),[],True,False,False,True,Laundry,76.0,B09XN6JGWC,2025-05-22,23.69,27.81,12.0,2988.0,3.0
In Stock,ACTIVE,0.1,14.0,6.92,2.0,20.0,6.0,0.0,True,,3.9,44.0,6.92,0.003090755830289407,0.09090909090909091,5.0,Clorox,2.007272727272727,B09XN6JGWC (Clorox Fraganzia - Refresher Spray - 22oz - Hawaiian Escape),[],True,False,False,True,Laundry,77.0,B09XN6JGWC,2025-05-21,22.08,6.92,11.0,3559.0,1.0
In Stock,ACTIVE,0.0,,,,21.0,6.0,0.0,True,,3.9,44.0,7.51,0.008374384236453201,0.05882352941176471,5.0,Clorox,2.032941176470588,B09XN6JGWC (Clorox Fraganzia - Refresher Spray - 22oz - Hawaiian Escape),[],True,False,False,True,Laundry,79.0,B09XN6JGWC,2025-05-20,34.56,6.62,17.0,2030.0,1.0
In Stock,ACTIVE,0.0,0.0,,0.0,15.0,6.0,0.0,True,,3.9,44.0,7.51,0.002783576896311761,0.125,5.0,Clorox,1.87,B09XN6JGWC (Clorox Fraganzia - Refresher Spray - 22oz - Hawaiian Escape),[],True,False,False,True,Laundry,88.0,B09XN6JGWC,2025-05-19,14.96,8.69,8.0,2874.0,1.0
In Stock,ACTIVE,0.08,15.0,7.51,2.0,25.0,6.0,0.0,True,,3.9,44.0,7.51,0.004089219330855019,0.1818181818181818,6.0,Clorox,1.825454545454545,B09XN6JGWC (Clorox Fraganzia - Refresher Spray - 22oz - Hawaiian Escape),[],True,False,False,True,Laundry,105.0,B09XN6JGWC,2025-05-18,20.08,11.5,11.0,2690.0,2.0
In Stock,ACTIVE,0.083,8.0,7.51,1.0,12.0,6.0,0.0,True,,3.9,44.0,7.51,0.001358431981370076,0.1428571428571428,6.0,Clorox,1.994285714285714,B09XN6JGWC (Clorox Fraganzia - Refresher Spray - 22oz - Hawaiian Escape),[],True,False,False,True,Laundry,110.0,B09XN6JGWC,2025-05-17,13.96,6.78,7.0,5153.0,1.0
In Stock,ACTIVE,0.231,23.0,7.51,3.0,13.0,6.0,0.0,True,,3.9,44.0,7.51,0.003396739130434783,0.2,6.0,Clorox,2.006,B09XN6JGWC (Clorox Fraganzia - Refresher Spray - 22oz - Hawaiian Escape),[],True,False,False,True,Laundry,112.0,B09XN6JGWC,2025-05-16,20.06,16.0,10.0,2944.0,2.0
In Stock,ACTIVE,0.0,0.0,,0.0,19.0,6.0,0.0,True,,3.9,44.0,7.51,0.002338009352037408,0.0,6.0,Clorox,2.184285714285714,B09XN6JGWC (Clorox Fraganzia - Refresher Spray - 22oz - Hawaiian Escape),[],True,False,False,True,Laundry,112.0,B09XN6JGWC,2025-05-15,15.29,0.0,7.0,2994.0,0.0
In Stock,ACTIVE,0.0,,,,15.0,6.0,0.0,True,,3.9,44.0,7.51,0.004844961240310077,0.1,10.0,Clorox,2.222,B09XN6JGWC (Clorox Fraganzia - Refresher Spray - 22oz - Hawaiian Escape),[],True,False,False,True,Laundry,111.0,B09XN6JGWC,2025-05-14,22.22,10.37,10.0,2064.0,1.0
In Stock,ACTIVE,0.0,0.0,,0.0,14.0,6.0,0.0,True,,3.9,44.0,7.51,0.002047981275599766,0.0,7.0,Clorox,2.301428571428571,B09XN6JGWC (Clorox Fraganzia - Refresher Spray - 22oz - Hawaiian Escape),[],True,False,False,True,Laundry,111.0,B09XN6JGWC,2025-05-13,16.11,0.0,7.0,3418.0,0.0
In Stock,ACTIVE,0.154,15.0,7.51,2.0,13.0,6.0,0.0,True,,3.9,44.0,7.51,0.002941176470588235,0.2,8.0,Clorox,2.126,B09XN6JGWC (Clorox Fraganzia - Refresher Spray - 22oz - Hawaiian Escape),[],True,False,False,True,Laundry,113.0,B09XN6JGWC,2025-05-12,10.63,7.51,5.0,1700.0,1.0
In Stock,ACTIVE,0.143,8.0,7.51,1.0,7.0,6.0,0.0,True,,3.9,44.0,7.51,,,7.0,Clorox,,B09XN6JGWC (Clorox Fraganzia - Refresher Spray - 22oz - Hawaiian Escape),[],True,False,False,True,Laundry,101.0,B09XN6JGWC,2025-05-11,0.0,0.0,0.0,0.0,0.0
In Stock,ACTIVE,0.0,,,,7.0,6.0,0.0,True,,3.9,44.0,7.51,0.0,,6.0,Clorox,,B09XN6JGWC (Clorox Fraganzia - Refresher Spray - 22oz - Hawaiian Escape),[],True,False,False,True,Laundry,101.0,B09XN6JGWC,2025-05-10,0.0,0.0,0.0,1.0,0.0
In Stock,ACTIVE,0.0,0.0,,0.0,9.0,6.0,0.0,True,,3.9,44.0,7.94,0.0,,6.0,Clorox,,B09XN6JGWC (Clorox Fraganzia - Refresher Spray - 22oz - Hawaiian Escape),[],True,False,False,True,Laundry,101.0,B09XN6JGWC,2025-05-09,0.0,0.0,0.0,5.0,0.0
In Stock,ACTIVE,0.0,0.0,,0.0,5.0,6.0,0.0,True,,3.9,44.0,7.94,0.0,,6.0,Clorox,,B09XN6JGWC (Clorox Fraganzia - Refresher Spray - 22oz - Hawaiian Escape),[],True,False,False,True,Laundry,114.0,B09XN6JGWC,2025-05-08,0.0,0.0,0.0,25.0,0.0
In Stock,ACTIVE: PROMO,0.0,,,,1.0,6.0,0.0,True,,4.5,129.0,9.62,,,2322.0,Peanuts,,"B09XN71N8W (Peanuts: 8"" Woodstock Peace & Love Plush Ring Squeaker Pet Toy)",[],True,False,False,True,Seasonal Toys,48.0,B09XN71N8W,2026-02-03,,,,,
In Stock,ACTIVE: PROMO,0.0,,,,1.0,7.0,0.0,True,,4.5,126.0,9.4,,,2034.0,Peanuts,,"B09XN71N8W (Peanuts: 8"" Woodstock Peace & Love Plush Ring Squeaker Pet Toy)",[],True,False,False,True,Seasonal Toys,,B09XN71N8W,2025-12-31,,,,,
In Stock,ACTIVE: PROMO,0.0,,,,2.0,7.0,0.0,True,,4.5,126.0,9.4,,,1847.0,Peanuts,,"B09XN71N8W (Peanuts: 8"" Woodstock Peace & Love Plush Ring Squeaker Pet Toy)",[],True,False,False,True,Seasonal Toys,,B09XN71N8W,2025-12-30,,,,,
In Stock,ACTIVE: PROMO,0.0,,,,1.0,7.0,0.0,True,,4.4,125.0,9.4,,,1621.0,Peanuts,,"B09XN71N8W (Peanuts: 8"" Woodstock Peace & Love Plush Ring Squeaker Pet Toy)",[],True,False,False,True,Seasonal Toys,,B09XN71N8W,2025-12-29,,,,,
In Stock,ACTIVE: PROMO,,,,,,7.0,0.0,True,,4.4,125.0,9.4,,,1692.0,Peanuts,,"B09XN71N8W (Peanuts: 8"" Woodstock Peace & Love Plush Ring Squeaker Pet Toy)",[],True,False,False,True,Seasonal Toys,,B09XN71N8W,2025-12-28,,,,,
In Stock,ACTIVE: PROMO,,,,,,7.0,0.0,True,,4.4,125.0,9.31,,,1410.0,Peanuts,,"B09XN71N8W (Peanuts: 8"" Woodstock Peace & Love Plush Ring Squeaker Pet Toy)",[],True,False,False,True,Seasonal Toys,,B09XN71N8W,2025-12-27,,,,,
In Stock,ACTIVE: PROMO,0.0,,,,1.0,7.0,0.0,True,,4.4,125.0,9.31,,,1353.0,Peanuts,,"B09XN71N8W (Peanuts: 8"" Woodstock Peace & Love Plush Ring Squeaker Pet Toy)",[],True,False,False,True,Seasonal Toys,,B09XN71N8W,2025-12-26,,,,,
In Stock,ACTIVE: PROMO,,,,,,7.0,0.0,True,,4.4,125.0,9.31,,,1166.0,Peanuts,,"B09XN71N8W (Peanuts: 8"" Woodstock Peace & Love Plush Ring Squeaker Pet Toy)",[],True,False,False,True,Seasonal Toys,,B09XN71N8W,2025-12-25,,,,,
In Stock,ACTIVE: PROMO,0.333,9.0,9.39,1.0,3.0,7.0,0.0,True,,4.4,124.0,9.39,,,1689.0,Peanuts,,"B09XN71N8W (Peanuts: 8"" Woodstock Peace & Love Plush Ring Squeaker Pet Toy)",[],True,False,False,True,Seasonal Toys,2.0,B09XN71N8W,2025-12-15,,,,,
In Stock,ACTIVE: PROMO,,0.0,,0.0,,7.0,0.0,True,,4.4,124.0,9.39,,,1558.0,Peanuts,,"B09XN71N8W (Peanuts: 8"" Woodstock Peace & Love Plush Ring Squeaker Pet Toy)",[],True,False,False,True,Seasonal Toys,2.0,B09XN71N8W,2025-12-14,,,,,
In Stock,ACTIVE: PROMO,1.0,9.0,9.39,1.0,1.0,7.0,0.0,True,,4.4,123.0,9.39,,,1459.0,Peanuts,,"B09XN71N8W (Peanuts: 8"" Woodstock Peace & Love Plush Ring Squeaker Pet Toy)",[],True,False,False,True,Seasonal Toys,3.0,B09XN71N8W,2025-12-13,,,,,
In Stock,ACTIVE: PROMO,0.167,9.0,9.39,1.0,6.0,7.0,0.0,True,,4.4,123.0,9.39,,,1463.0,Peanuts,,"B09XN71N8W (Peanuts: 8"" Woodstock Peace & Love Plush Ring Squeaker Pet Toy)",[],True,False,False,True,Seasonal Toys,5.0,B09XN71N8W,2025-12-12,,,,,
In Stock,ACTIVE: PROMO,0.5,9.0,9.39,1.0,2.0,7.0,0.0,True,,4.4,123.0,9.38,,,1462.0,Peanuts,,"B09XN71N8W (Peanuts: 8"" Woodstock Peace & Love Plush Ring Squeaker Pet Toy)",[],True,False,False,True,Seasonal Toys,5.0,B09XN71N8W,2025-12-11,,,,,
In Stock,ACTIVE: PROMO,0.333,9.0,9.38,1.0,3.0,7.0,0.0,True,,4.4,123.0,9.38,,,1746.0,Peanuts,,"B09XN71N8W (Peanuts: 8"" Woodstock Peace & Love Plush Ring Squeaker Pet Toy)",[],True,False,False,True,Seasonal Toys,5.0,B09XN71N8W,2025-12-10,,,,,
In Stock,ACTIVE: PROMO,0.0,,,,2.0,7.0,0.0,True,,4.4,123.0,8.18,,,2009.0,Peanuts,,"B09XN71N8W (Peanuts: 8"" Woodstock Peace & Love Plush Ring Squeaker Pet Toy)",[],True,False,False,True,Seasonal Toys,5.0,B09XN71N8W,2025-12-09,,,,,
In Stock,ACTIVE: PROMO,,,,,,7.0,0.0,True,,4.4,123.0,8.18,,,1851.0,Peanuts,,"B09XN71N8W (Peanuts: 8"" Woodstock Peace & Love Plush Ring Squeaker Pet Toy)",[],True,False,False,True,Seasonal Toys,5.0,B09XN71N8W,2025-12-08,,,,,
In Stock,ACTIVE: PROMO,0.0,0.0,,0.0,3.0,7.0,0.0,True,,4.4,123.0,8.18,,,1437.0,Peanuts,,"B09XN71N8W (Peanuts: 8"" Woodstock Peace & Love Plush Ring Squeaker Pet Toy)",[],True,False,False,True,Seasonal Toys,5.0,B09XN71N8W,2025-12-07,,,,,
In Stock,ACTIVE: PROMO,,0.0,,0.0,,7.0,0.0,True,,4.4,123.0,8.18,,,1237.0,Peanuts,,"B09XN71N8W (Peanuts: 8"" Woodstock Peace & Love Plush Ring Squeaker Pet Toy)",[],True,False,False,True,Seasonal Toys,5.0,B09XN71N8W,2025-12-06,,,,,
In Stock,ACTIVE: PROMO,0.0,0.0,,0.0,1.0,7.0,0.0,True,,4.4,123.0,8.18,,,1568.0,Peanuts,,"B09XN71N8W (Peanuts: 8"" Woodstock Peace & Love Plush Ring Squeaker Pet Toy)",[],True,False,False,True,Seasonal Toys,6.0,B09XN71N8W,2025-12-05,,,,,
In Stock,ACTIVE: PROMO,0.143,8.0,8.18,1.0,7.0,7.0,0.0,True,,4.2,47.0,8.18,,,1671.0,Peanuts,,"B09XN71N8W (Peanuts: 8"" Woodstock Peace & Love Plush Ring Squeaker Pet Toy)",[],True,False,False,True,Seasonal Toys,6.0,B09XN71N8W,2025-12-04,,,,,
In Stock,ACTIVE: PROMO,,8.0,8.18,1.0,,7.0,0.0,True,,4.2,47.0,8.18,,,1647.0,Peanuts,,"B09XN71N8W (Peanuts: 8"" Woodstock Peace & Love Plush Ring Squeaker Pet Toy)",[],True,False,False,True,Seasonal Toys,6.0,B09XN71N8W,2025-12-03,,,,,
In Stock,ACTIVE: PROMO,,,,,,7.0,0.0,True,,4.2,47.0,8.03,,,1874.0,Peanuts,,"B09XN71N8W (Peanuts: 8"" Woodstock Peace & Love Plush Ring Squeaker Pet Toy)",[],True,False,False,True,Seasonal Toys,7.0,B09XN71N8W,2025-12-02,,,,,
In Stock,ACTIVE: PROMO,,,,,,7.0,0.0,True,,4.2,47.0,8.03,,,1917.0,Peanuts,,"B09XN71N8W (Peanuts: 8"" Woodstock Peace & Love Plush Ring Squeaker Pet Toy)",[],True,False,False,True,Seasonal Toys,7.0,B09XN71N8W,2025-12-01,,,,,
In Stock,ACTIVE: PROMO,0.0,,,,2.0,7.0,0.0,True,,4.2,47.0,8.03,,,2045.0,Peanuts,,"B09XN71N8W (Peanuts: 8"" Woodstock Peace & Love Plush Ring Squeaker Pet Toy)",[],True,False,False,True,Seasonal Toys,7.0,B09XN71N8W,2025-11-30,,,,,
